// Jest Snapshot v1, https://goo.gl/fbAQLP

exports[`BookCard tree renders correctly 1`] = `
<div
  className="undefined undefined"
  onClick={[Function]}
>
  <div>
    <div>
      <h3 />
    </div>
    <div />
  </div>
  <div>
    <button
      onClick={[Function]}
    >
      Delete
    </button>
  </div>
</div>
`;
